>>> from add_integer import add_integer
>>> add_integer(1, 2)
3
>>> add_integer(1.5, 2.5)
3
>>> add_integer(-1, 1)
0
>>> add_integer(1)  # doctest: +SKIP
98
>>> add_integer("1", 2)
Traceback (most recent call last):
    ...
TypeError: a must be an integer
>>> add_integer(1, "2")
Traceback (most recent call last):
    ...
TypeError: b must be an integer
