>>> from add_integer import add_integer

# Regular addition
>>> add_integer(2, 3)
5

# Integer casting (float to int)
>>> add_integer(2.7, 3.3)
5

# Check type: first argument is not an int or float
>>> add_integer("2", 3)
Traceback (most recent call last):
    ...
TypeError: a must be an integer

# Check type: second argument is not an int or float
>>> add_integer(2, "3")
Traceback (most recent call last):
    ...
TypeError: b must be an integer

# Float overflow (using a very large float)
>>> add_integer(1e308, 1e308)
inf

# Cannot convert float NaN to integer
>>> add_integer(float('nan'), 2)
Traceback (most recent call last):
    ...
ValueError: cannot convert float NaN to integer

# Missing one argument
>>> add_integer(5)
103  # Replace 103 with your actual default value for b if different

# Missing two arguments
>>> add_integer()
Traceback (most recent call last):
    ...
TypeError: add_integer() missing 1 required positional argument: 'a'
